
Error [ERR_HTTP_HEADERS_SENT]: Cannot write headers after they are sent to the client
    at ServerResponse.writeHead (node:_http_server:345:11)
    at Server.finish (C:\Users\lilli\Documents\GitHub\dh2-client\caches\DH2\node_modules\node-static\lib\node-static.js:117:19)
    at C:\Users\lilli\Documents\GitHub\dh2-client\caches\DH2\node_modules\node-static\lib\node-static.js:94:18
    at C:\Users\lilli\Documents\GitHub\dh2-client\caches\DH2\node_modules\node-static\lib\node-static.js:337:13
    at streamFile (C:\Users\lilli\Documents\GitHub\dh2-client\caches\DH2\node_modules\node-static\lib\node-static.js:382:13)
    at ReadStream.<anonymous> (C:\Users\lilli\Documents\GitHub\dh2-client\caches\DH2\node_modules\node-static\lib\node-static.js:375:17)
    at ReadStream.emit (node:events:519:28)
    at ReadStream.emit (node:domain:488:12)
    at emitCloseNT (node:internal/streams/destroy:147:10)
    at process.processTicksAndRejections (node:internal/process/task_queues:81:21)

Error [ERR_HTTP_HEADERS_SENT]: Cannot write headers after they are sent to the client
    at ServerResponse.writeHead (node:_http_server:345:11)
    at Server.finish (C:\Users\lilli\Documents\GitHub\dh2-client\caches\DH2\node_modules\node-static\lib\node-static.js:117:19)
    at C:\Users\lilli\Documents\GitHub\dh2-client\caches\DH2\node_modules\node-static\lib\node-static.js:94:18
    at C:\Users\lilli\Documents\GitHub\dh2-client\caches\DH2\node_modules\node-static\lib\node-static.js:337:13
    at streamFile (C:\Users\lilli\Documents\GitHub\dh2-client\caches\DH2\node_modules\node-static\lib\node-static.js:382:13)
    at ReadStream.<anonymous> (C:\Users\lilli\Documents\GitHub\dh2-client\caches\DH2\node_modules\node-static\lib\node-static.js:375:17)
    at ReadStream.emit (node:events:519:28)
    at ReadStream.emit (node:domain:488:12)
    at emitCloseNT (node:internal/streams/destroy:147:10)
    at process.processTicksAndRejections (node:internal/process/task_queues:81:21)
